{
  "license_references": [],
  "rule_references": [],
  "files": []
}