{
  "licenses": [
    {
      "identifier": "f76efb47-fed2-ece2-85a7-be5297788421",
      "license_expression": "apache-2.0",
      "occurance_count": 1,
      "detection_log": [
        "not-combined"
      ],
      "matches": [
        {
          "score": 100.0,
          "start_line": 1,
          "end_line": 1,
          "matched_length": 4,
          "match_coverage": 100.0,
          "matcher": "1-hash",
          "license_expression": "apache-2.0",
          "rule_identifier": "apache-2.0_65.RULE",
          "rule_url": "https://github.com/nexB/scancode-toolkit/tree/develop/src/licensedcode/data/rules/apache-2.0_65.RULE",
          "referenced_filenames": [],
          "is_license_text": false,
          "is_license_notice": false,
          "is_license_reference": false,
          "is_license_tag": true,
          "is_license_intro": false,
          "rule_length": 4,
          "rule_relevance": 100,
          "licenses": [
            {
              "key": "apache-2.0",
              "name": "Apache License 2.0",
              "short_name": "Apache 2.0",
              "category": "Permissive",
              "is_exception": false,
              "is_unknown": false,
              "owner": "Apache Software Foundation",
              "homepage_url": "http://www.apache.org/licenses/",
              "text_url": "http://www.apache.org/licenses/LICENSE-2.0",
              "reference_url": "https://scancode-licensedb.aboutcode.org/apache-2.0",
              "scancode_url": "https://github.com/nexB/scancode-toolkit/tree/develop/src/licensedcode/data/licenses/apache-2.0.LICENSE",
              "spdx_license_key": "Apache-2.0",
              "spdx_url": "https://spdx.org/licenses/Apache-2.0"
            }
          ]
        }
      ]
    },
    {
      "identifier": "589846e0-5ae8-148c-1e24-c9a3b337f0f6",
      "license_expression": "unknown-license-reference",
      "occurance_count": 1,
      "detection_log": [
        "not-combined"
      ],
      "matches": [
        {
          "score": 100.0,
          "start_line": 1,
          "end_line": 1,
          "matched_length": 8,
          "match_coverage": 100.0,
          "matcher": "1-hash",
          "license_expression": "unknown-license-reference",
          "rule_identifier": "unknown-license-reference_91.RULE",
          "rule_url": "https://github.com/nexB/scancode-toolkit/tree/develop/src/licensedcode/data/rules/unknown-license-reference_91.RULE",
          "referenced_filenames": [
            "COPYING"
          ],
          "is_license_text": false,
          "is_license_notice": false,
          "is_license_reference": true,
          "is_license_tag": false,
          "is_license_intro": false,
          "rule_length": 8,
          "rule_relevance": 100,
          "licenses": [
            {
              "key": "unknown-license-reference",
              "name": "Unknown License file reference",
              "short_name": "Unknown License reference",
              "category": "Unstated License",
              "is_exception": false,
              "is_unknown": true,
              "owner": "Unspecified",
              "homepage_url": null,
              "text_url": "",
              "reference_url": "https://scancode-licensedb.aboutcode.org/unknown-license-reference",
              "scancode_url": "https://github.com/nexB/scancode-toolkit/tree/develop/src/licensedcode/data/licenses/unknown-license-reference.LICENSE",
              "spdx_license_key": "LicenseRef-scancode-unknown-license-reference",
              "spdx_url": "https://github.com/nexB/scancode-toolkit/tree/develop/src/licensedcode/data/licenses/unknown-license-reference.LICENSE"
            }
          ]
        }
      ]
    }
  ],
  "files": [
    {
      "path": "COPYING",
      "type": "file",
      "detected_license_expression": "apache-2.0",
      "detected_license_expression_spdx": "Apache-2.0",
      "license_detections": [
        {
          "license_expression": "apache-2.0",
          "detection_log": [
            "not-combined"
          ],
          "matches": [
            {
              "score": 100.0,
              "start_line": 1,
              "end_line": 1,
              "matched_length": 4,
              "match_coverage": 100.0,
              "matcher": "1-hash",
              "license_expression": "apache-2.0",
              "rule_identifier": "apache-2.0_65.RULE",
              "rule_url": "https://github.com/nexB/scancode-toolkit/tree/develop/src/licensedcode/data/rules/apache-2.0_65.RULE",
              "referenced_filenames": [],
              "is_license_text": false,
              "is_license_notice": false,
              "is_license_reference": false,
              "is_license_tag": true,
              "is_license_intro": false,
              "rule_length": 4,
              "rule_relevance": 100,
              "matched_text": "license: apache 2.0",
              "licenses": [
                {
                  "key": "apache-2.0",
                  "name": "Apache License 2.0",
                  "short_name": "Apache 2.0",
                  "category": "Permissive",
                  "is_exception": false,
                  "is_unknown": false,
                  "owner": "Apache Software Foundation",
                  "homepage_url": "http://www.apache.org/licenses/",
                  "text_url": "http://www.apache.org/licenses/LICENSE-2.0",
                  "reference_url": "https://scancode-licensedb.aboutcode.org/apache-2.0",
                  "scancode_url": "https://github.com/nexB/scancode-toolkit/tree/develop/src/licensedcode/data/licenses/apache-2.0.LICENSE",
                  "spdx_license_key": "Apache-2.0",
                  "spdx_url": "https://spdx.org/licenses/Apache-2.0"
                }
              ]
            }
          ]
        }
      ],
      "license_clues": [],
      "percentage_of_license_text": 100.0,
      "for_licenses": [
        "f76efb47-fed2-ece2-85a7-be5297788421"
      ],
      "scan_errors": []
    },
    {
      "path": "ref",
      "type": "file",
      "detected_license_expression": "apache-2.0",
      "detected_license_expression_spdx": "Apache-2.0",
      "license_detections": [
        {
          "license_expression": "apache-2.0",
          "detection_log": [
            "unknown-reference-to-local-file"
          ],
          "matches": [
            {
              "score": 100.0,
              "start_line": 1,
              "end_line": 1,
              "matched_length": 8,
              "match_coverage": 100.0,
              "matcher": "1-hash",
              "license_expression": "unknown-license-reference",
              "rule_identifier": "unknown-license-reference_91.RULE",
              "rule_url": "https://github.com/nexB/scancode-toolkit/tree/develop/src/licensedcode/data/rules/unknown-license-reference_91.RULE",
              "referenced_filenames": [
                "COPYING"
              ],
              "is_license_text": false,
              "is_license_notice": false,
              "is_license_reference": true,
              "is_license_tag": false,
              "is_license_intro": false,
              "rule_length": 8,
              "rule_relevance": 100,
              "matched_text": "This is free software. See COPYING for details.",
              "licenses": [
                {
                  "key": "unknown-license-reference",
                  "name": "Unknown License file reference",
                  "short_name": "Unknown License reference",
                  "category": "Unstated License",
                  "is_exception": false,
                  "is_unknown": true,
                  "owner": "Unspecified",
                  "homepage_url": null,
                  "text_url": "",
                  "reference_url": "https://scancode-licensedb.aboutcode.org/unknown-license-reference",
                  "scancode_url": "https://github.com/nexB/scancode-toolkit/tree/develop/src/licensedcode/data/licenses/unknown-license-reference.LICENSE",
                  "spdx_license_key": "LicenseRef-scancode-unknown-license-reference",
                  "spdx_url": "https://github.com/nexB/scancode-toolkit/tree/develop/src/licensedcode/data/licenses/unknown-license-reference.LICENSE"
                }
              ]
            },
            {
              "score": 100.0,
              "start_line": 1,
              "end_line": 1,
              "matched_length": 4,
              "match_coverage": 100.0,
              "matcher": "1-hash",
              "license_expression": "apache-2.0",
              "rule_identifier": "apache-2.0_65.RULE",
              "rule_url": "https://github.com/nexB/scancode-toolkit/tree/develop/src/licensedcode/data/rules/apache-2.0_65.RULE",
              "referenced_filenames": [],
              "is_license_text": false,
              "is_license_notice": false,
              "is_license_reference": false,
              "is_license_tag": true,
              "is_license_intro": false,
              "rule_length": 4,
              "rule_relevance": 100,
              "matched_text": "license: apache 2.0",
              "licenses": [
                {
                  "key": "apache-2.0",
                  "name": "Apache License 2.0",
                  "short_name": "Apache 2.0",
                  "category": "Permissive",
                  "is_exception": false,
                  "is_unknown": false,
                  "owner": "Apache Software Foundation",
                  "homepage_url": "http://www.apache.org/licenses/",
                  "text_url": "http://www.apache.org/licenses/LICENSE-2.0",
                  "reference_url": "https://scancode-licensedb.aboutcode.org/apache-2.0",
                  "scancode_url": "https://github.com/nexB/scancode-toolkit/tree/develop/src/licensedcode/data/licenses/apache-2.0.LICENSE",
                  "spdx_license_key": "Apache-2.0",
                  "spdx_url": "https://spdx.org/licenses/Apache-2.0"
                }
              ]
            }
          ]
        }
      ],
      "license_clues": [],
      "percentage_of_license_text": 100.0,
      "for_licenses": [
        "589846e0-5ae8-148c-1e24-c9a3b337f0f6"
      ],
      "scan_errors": []
    }
  ]
}