{
  "license_detections": [
    {
      "identifier": "mit-20c01557-97bd-0022-052e-56c5ed8465ea",
      "license_expression": "mit",
      "license_expression_spdx": "MIT",
      "detection_count": 1,
      "detection_log": [
        "unknown-reference-to-local-file"
      ],
      "sample_matches": [
        {
          "score": 100.0,
          "from_file": "scan-ref/license-notice.txt",
          "start_line": 34,
          "end_line": 34,
          "matched_length": 5,
          "match_coverage": 100.0,
          "matcher": "2-aho",
          "license_expression": "unknown-license-reference",
          "license_expression_spdx": "LicenseRef-scancode-unknown-license-reference",
          "rule_identifier": "unknown-license-reference_25.RULE",
          "rule_relevance": 100,
          "rule_url": "https://github.com/nexB/scancode-toolkit/tree/develop/src/licensedcode/data/rules/unknown-license-reference_25.RULE",
          "matched_text": "license\": \"SEE LICENSE IN LICENSE."
        },
        {
          "score": 100.0,
          "from_file": "scan-ref/LICENSE",
          "start_line": 1,
          "end_line": 1,
          "matched_length": 10,
          "match_coverage": 100.0,
          "matcher": "1-hash",
          "license_expression": "mit",
          "license_expression_spdx": "MIT",
          "rule_identifier": "mit_66.RULE",
          "rule_relevance": 100,
          "rule_url": "https://github.com/nexB/scancode-toolkit/tree/develop/src/licensedcode/data/rules/mit_66.RULE",
          "matched_text": "that is licensed under [MIT](http://opensource.org/licenses/MIT)."
        }
      ]
    },
    {
      "identifier": "mit-6fc93e6a-0319-6943-7be7-2e20513a43e0",
      "license_expression": "mit",
      "license_expression_spdx": "MIT",
      "detection_count": 1,
      "detection_log": [],
      "sample_matches": [
        {
          "score": 100.0,
          "from_file": "scan-ref/LICENSE",
          "start_line": 1,
          "end_line": 1,
          "matched_length": 10,
          "match_coverage": 100.0,
          "matcher": "1-hash",
          "license_expression": "mit",
          "license_expression_spdx": "MIT",
          "rule_identifier": "mit_66.RULE",
          "rule_relevance": 100,
          "rule_url": "https://github.com/nexB/scancode-toolkit/tree/develop/src/licensedcode/data/rules/mit_66.RULE",
          "matched_text": "that is licensed under [MIT](http://opensource.org/licenses/MIT)."
        }
      ]
    }
  ],
  "files": [
    {
      "path": "LICENSE",
      "type": "file",
      "detected_license_expression": "mit",
      "detected_license_expression_spdx": "MIT",
      "license_detections": [
        {
          "license_expression": "mit",
          "license_expression_spdx": "MIT",
          "matches": [
            {
              "score": 100.0,
              "start_line": 1,
              "end_line": 1,
              "from_file": "scan-ref/LICENSE",
              "matched_length": 10,
              "match_coverage": 100.0,
              "matcher": "1-hash",
              "license_expression": "mit",
              "spdx_license_expression": "MIT",
              "rule_identifier": "mit_66.RULE",
              "rule_relevance": 100,
              "rule_url": "https://github.com/nexB/scancode-toolkit/tree/develop/src/licensedcode/data/rules/mit_66.RULE",
              "matched_text": "that is licensed under [MIT](http://opensource.org/licenses/MIT)."
            }
          ],
          "detection_log": [],
          "identifier": "mit-6fc93e6a-0319-6943-7be7-2e20513a43e0"
        }
      ],
      "license_clues": [],
      "percentage_of_license_text": 100.0,
      "scan_errors": []
    },
    {
      "path": "license-notice.txt",
      "type": "file",
      "detected_license_expression": "mit",
      "detected_license_expression_spdx": "MIT",
      "license_detections": [
        {
          "license_expression": "mit",
          "license_expression_spdx": "MIT",
          "matches": [
            {
              "score": 100.0,
              "start_line": 34,
              "end_line": 34,
              "from_file": "scan-ref/license-notice.txt",
              "matched_length": 5,
              "match_coverage": 100.0,
              "matcher": "2-aho",
              "license_expression": "unknown-license-reference",
              "spdx_license_expression": "LicenseRef-scancode-unknown-license-reference",
              "rule_identifier": "unknown-license-reference_25.RULE",
              "rule_relevance": 100,
              "rule_url": "https://github.com/nexB/scancode-toolkit/tree/develop/src/licensedcode/data/rules/unknown-license-reference_25.RULE",
              "matched_text": "license\": \"SEE LICENSE IN LICENSE."
            },
            {
              "score": 100.0,
              "start_line": 1,
              "end_line": 1,
              "from_file": "scan-ref/LICENSE",
              "matched_length": 10,
              "match_coverage": 100.0,
              "matcher": "1-hash",
              "license_expression": "mit",
              "spdx_license_expression": "MIT",
              "rule_identifier": "mit_66.RULE",
              "rule_relevance": 100,
              "rule_url": "https://github.com/nexB/scancode-toolkit/tree/develop/src/licensedcode/data/rules/mit_66.RULE",
              "matched_text": "that is licensed under [MIT](http://opensource.org/licenses/MIT)."
            }
          ],
          "detection_log": [
            "unknown-reference-to-local-file"
          ],
          "identifier": "mit-20c01557-97bd-0022-052e-56c5ed8465ea"
        }
      ],
      "license_clues": [],
      "percentage_of_license_text": 0.2,
      "scan_errors": []
    }
  ]
}