{
  "license_detections": [
    {
      "identifier": "unknown_license_reference-8dac7670-e286-f6de-27a1-f2b5c87524ff",
      "license_expression": "unknown-license-reference",
      "count": 1,
      "detection_log": [
        "not-combined"
      ],
      "matches": [
        {
          "score": 100.0,
          "start_line": 34,
          "end_line": 34,
          "matched_length": 5,
          "match_coverage": 100.0,
          "matcher": "2-aho",
          "license_expression": "unknown-license-reference",
          "rule_identifier": "unknown-license-reference_25.RULE",
          "rule_url": "https://github.com/nexB/scancode-toolkit/tree/develop/src/licensedcode/data/rules/unknown-license-reference_25.RULE"
        }
      ]
    }
  ],
  "license_references": [
    {
      "key": "unknown-license-reference",
      "short_name": "Unknown License reference",
      "name": "Unknown License file reference",
      "category": "Unstated License",
      "owner": "Unspecified",
      "notes": "This applies to the case of a file with no clear license, which may be referenced via URL or text such as \"See license in...\" or \"This file is licensed under...\", but where the reference cannot be resolved to a specific named, public license.",
      "is_builtin": true,
      "is_unknown": true,
      "spdx_license_key": "LicenseRef-scancode-unknown-license-reference",
      "text": ""
    }
  ],
  "license_rule_references": [
    {
      "rule_identifier": "unknown-license-reference_25.RULE",
      "license_expression": "unknown-license-reference",
      "rule_url": "https://github.com/nexB/scancode-toolkit/tree/develop/src/licensedcode/data/rules/unknown-license-reference_25.RULE",
      "rule_relevance": 100,
      "rule_length": 5,
      "is_license_text": false,
      "is_license_notice": false,
      "is_license_reference": false,
      "is_license_tag": true,
      "is_license_intro": false,
      "referenced_filenames": [
        "LICENSE"
      ],
      "rule_text": "license\": \"SEE LICENSE IN LICENSE"
    }
  ],
  "files": [
    {
      "path": "license-notice.txt",
      "type": "file",
      "detected_license_expression": "unknown-license-reference",
      "detected_license_expression_spdx": "LicenseRef-scancode-unknown-license-reference",
      "license_detections": [
        {
          "license_expression": "unknown-license-reference",
          "detection_log": [
            "not-combined"
          ],
          "matches": [
            {
              "score": 100.0,
              "start_line": 34,
              "end_line": 34,
              "matched_length": 5,
              "match_coverage": 100.0,
              "matcher": "2-aho",
              "license_expression": "unknown-license-reference",
              "rule_identifier": "unknown-license-reference_25.RULE",
              "rule_url": "https://github.com/nexB/scancode-toolkit/tree/develop/src/licensedcode/data/rules/unknown-license-reference_25.RULE",
              "matched_text": "license\": \"SEE LICENSE IN LICENSE."
            }
          ]
        }
      ],
      "license_clues": [],
      "percentage_of_license_text": 0.2,
      "for_license_detections": [
        "unknown_license_reference-8dac7670-e286-f6de-27a1-f2b5c87524ff"
      ],
      "scan_errors": []
    }
  ]
}