{
  "license_detections": [
    {
      "identifier": "unknown_license_reference-f177df3d-5d60-ab6b-92ac-9a3fb4cb783f",
      "license_expression": "unknown-license-reference",
      "detection_count": 4,
      "matches": [
        {
          "score": 100.0,
          "start_line": 2,
          "end_line": 2,
          "matched_length": 2,
          "match_coverage": 100.0,
          "matcher": "2-aho",
          "license_expression": "unknown-license-reference",
          "rule_identifier": "unknown-license-reference_see-license_1.RULE",
          "rule_relevance": 100,
          "rule_url": "https://github.com/nexB/scancode-toolkit/tree/develop/src/licensedcode/data/rules/unknown-license-reference_see-license_1.RULE"
        }
      ],
      "detection_log": []
    },
    {
      "identifier": "mit-d0a34f23-8c35-8874-a99f-6ed1e3b31f40",
      "license_expression": "mit",
      "detection_count": 1,
      "matches": [
        {
          "score": 100.0,
          "start_line": 4,
          "end_line": 5,
          "matched_length": 2,
          "match_coverage": 100.0,
          "matcher": "2-aho",
          "license_expression": "mit",
          "rule_identifier": "mit_1114.RULE",
          "rule_relevance": 100,
          "rule_url": "https://github.com/nexB/scancode-toolkit/tree/develop/src/licensedcode/data/rules/mit_1114.RULE"
        }
      ],
      "detection_log": []
    },
    {
      "identifier": "mit-86fcf017-3572-9813-b7e8-0a10ec4a120f",
      "license_expression": "mit",
      "detection_count": 1,
      "matches": [
        {
          "score": 100.0,
          "start_line": 1,
          "end_line": 1,
          "matched_length": 4,
          "match_coverage": 100.0,
          "matcher": "2-aho",
          "license_expression": "mit",
          "rule_identifier": "mit_26.RULE",
          "rule_relevance": 100,
          "rule_url": "https://github.com/nexB/scancode-toolkit/tree/develop/src/licensedcode/data/rules/mit_26.RULE"
        },
        {
          "score": 100.0,
          "start_line": 5,
          "end_line": 21,
          "matched_length": 161,
          "match_coverage": 100.0,
          "matcher": "2-aho",
          "license_expression": "mit",
          "rule_identifier": "mit.LICENSE",
          "rule_relevance": 100,
          "rule_url": "https://github.com/nexB/scancode-toolkit/tree/develop/src/licensedcode/data/licenses/mit.LICENSE"
        }
      ],
      "detection_log": []
    },
    {
      "identifier": "mit-3fce6ea2-8abd-6c6b-3ede-a37af7c6efee",
      "license_expression": "mit",
      "detection_count": 1,
      "matches": [
        {
          "score": 100.0,
          "start_line": 5,
          "end_line": 5,
          "matched_length": 2,
          "match_coverage": 100.0,
          "matcher": "2-aho",
          "license_expression": "mit",
          "rule_identifier": "mit_30.RULE",
          "rule_relevance": 100,
          "rule_url": "https://github.com/nexB/scancode-toolkit/tree/develop/src/licensedcode/data/rules/mit_30.RULE"
        }
      ],
      "detection_log": []
    },
    {
      "identifier": "mit-bdcba66f-6e80-f7bd-7994-748183fe5693",
      "license_expression": "mit",
      "detection_count": 1,
      "matches": [
        {
          "score": 100.0,
          "start_line": 219,
          "end_line": 222,
          "matched_length": 3,
          "match_coverage": 100.0,
          "matcher": "2-aho",
          "license_expression": "mit",
          "rule_identifier": "mit_31.RULE",
          "rule_relevance": 100,
          "rule_url": "https://github.com/nexB/scancode-toolkit/tree/develop/src/licensedcode/data/rules/mit_31.RULE"
        }
      ],
      "detection_log": []
    },
    {
      "identifier": "mit-eea7f51e-637f-984c-1e86-a78bca648bf8",
      "license_expression": "mit",
      "detection_count": 1,
      "matches": [
        {
          "score": 100.0,
          "start_line": 2,
          "end_line": 2,
          "matched_length": 4,
          "match_coverage": 100.0,
          "matcher": "2-aho",
          "license_expression": "mit",
          "rule_identifier": "mit_1187.RULE",
          "rule_relevance": 100,
          "rule_url": "https://github.com/nexB/scancode-toolkit/tree/develop/src/licensedcode/data/rules/mit_1187.RULE"
        }
      ],
      "detection_log": []
    }
  ],
  "files": [
    {
      "path": "LICENSE",
      "type": "file",
      "detected_license_expression": "mit",
      "detected_license_expression_spdx": "MIT",
      "license_detections": [
        {
          "license_expression": "mit",
          "matches": [
            {
              "score": 100.0,
              "start_line": 1,
              "end_line": 1,
              "matched_length": 4,
              "match_coverage": 100.0,
              "matcher": "2-aho",
              "license_expression": "mit",
              "rule_identifier": "mit_26.RULE",
              "rule_relevance": 100,
              "rule_url": "https://github.com/nexB/scancode-toolkit/tree/develop/src/licensedcode/data/rules/mit_26.RULE",
              "matched_text": "The MIT License (MIT)"
            },
            {
              "score": 100.0,
              "start_line": 5,
              "end_line": 21,
              "matched_length": 161,
              "match_coverage": 100.0,
              "matcher": "2-aho",
              "license_expression": "mit",
              "rule_identifier": "mit.LICENSE",
              "rule_relevance": 100,
              "rule_url": "https://github.com/nexB/scancode-toolkit/tree/develop/src/licensedcode/data/licenses/mit.LICENSE",
              "matched_text": "Permission is hereby granted, free of charge, to any person obtaining a copy\nof this software and associated documentation files (the \"Software\"), to deal\nin the Software without restriction, including without limitation the rights\nto use, copy, modify, merge, publish, distribute, sublicense, and/or sell\ncopies of the Software, and to permit persons to whom the Software is\nfurnished to do so, subject to the following conditions:\n\nThe above copyright notice and this permission notice shall be included in\nall copies or substantial portions of the Software.\n\nTHE SOFTWARE IS PROVIDED \"AS IS\", WITHOUT WARRANTY OF ANY KIND, EXPRESS OR\nIMPLIED, INCLUDING BUT NOT LIMITED TO THE WARRANTIES OF MERCHANTABILITY,\nFITNESS FOR A PARTICULAR PURPOSE AND NONINFRINGEMENT. IN NO EVENT SHALL THE\nAUTHORS OR COPYRIGHT HOLDERS BE LIABLE FOR ANY CLAIM, DAMAGES OR OTHER\nLIABILITY, WHETHER IN AN ACTION OF CONTRACT, TORT OR OTHERWISE, ARISING FROM,\nOUT OF OR IN CONNECTION WITH THE SOFTWARE OR THE USE OR OTHER DEALINGS IN\nTHE SOFTWARE."
            }
          ],
          "detection_log": []
        }
      ],
      "license_clues": [],
      "percentage_of_license_text": 95.38,
      "for_license_detections": [
        "mit-86fcf017-3572-9813-b7e8-0a10ec4a120f"
      ],
      "scan_errors": []
    },
    {
      "path": "README.md",
      "type": "file",
      "detected_license_expression": "mit",
      "detected_license_expression_spdx": "MIT",
      "license_detections": [
        {
          "license_expression": "mit",
          "matches": [
            {
              "score": 100.0,
              "start_line": 219,
              "end_line": 222,
              "matched_length": 3,
              "match_coverage": 100.0,
              "matcher": "2-aho",
              "license_expression": "mit",
              "rule_identifier": "mit_31.RULE",
              "rule_relevance": 100,
              "rule_url": "https://github.com/nexB/scancode-toolkit/tree/develop/src/licensedcode/data/rules/mit_31.RULE",
              "matched_text": "License\n=======\n\n[MIT](LICENSE)."
            }
          ],
          "detection_log": []
        }
      ],
      "license_clues": [],
      "percentage_of_license_text": 0.3,
      "for_license_detections": [
        "mit-bdcba66f-6e80-f7bd-7994-748183fe5693"
      ],
      "scan_errors": []
    },
    {
      "path": "esprima-compare.js",
      "type": "file",
      "detected_license_expression": "mit",
      "detected_license_expression_spdx": "MIT",
      "license_detections": [
        {
          "license_expression": "mit",
          "matches": [
            {
              "score": 100.0,
              "start_line": 2,
              "end_line": 2,
              "matched_length": 2,
              "match_coverage": 100.0,
              "matcher": "2-aho",
              "license_expression": "unknown-license-reference",
              "rule_identifier": "unknown-license-reference_see-license_1.RULE",
              "rule_relevance": 100,
              "rule_url": "https://github.com/nexB/scancode-toolkit/tree/develop/src/licensedcode/data/rules/unknown-license-reference_see-license_1.RULE",
              "matched_text": "See LICENSE.)"
            },
            {
              "score": 100.0,
              "start_line": 1,
              "end_line": 1,
              "matched_length": 4,
              "match_coverage": 100.0,
              "matcher": "2-aho",
              "license_expression": "mit",
              "rule_identifier": "mit_26.RULE",
              "rule_relevance": 100,
              "rule_url": "https://github.com/nexB/scancode-toolkit/tree/develop/src/licensedcode/data/rules/mit_26.RULE",
              "matched_text": "The MIT License (MIT)"
            },
            {
              "score": 100.0,
              "start_line": 5,
              "end_line": 21,
              "matched_length": 161,
              "match_coverage": 100.0,
              "matcher": "2-aho",
              "license_expression": "mit",
              "rule_identifier": "mit.LICENSE",
              "rule_relevance": 100,
              "rule_url": "https://github.com/nexB/scancode-toolkit/tree/develop/src/licensedcode/data/licenses/mit.LICENSE",
              "matched_text": "Permission is hereby granted, free of charge, to any person obtaining a copy\nof this software and associated documentation files (the \"Software\"), to deal\nin the Software without restriction, including without limitation the rights\nto use, copy, modify, merge, publish, distribute, sublicense, and/or sell\ncopies of the Software, and to permit persons to whom the Software is\nfurnished to do so, subject to the following conditions:\n\nThe above copyright notice and this permission notice shall be included in\nall copies or substantial portions of the Software.\n\nTHE SOFTWARE IS PROVIDED \"AS IS\", WITHOUT WARRANTY OF ANY KIND, EXPRESS OR\nIMPLIED, INCLUDING BUT NOT LIMITED TO THE WARRANTIES OF MERCHANTABILITY,\nFITNESS FOR A PARTICULAR PURPOSE AND NONINFRINGEMENT. IN NO EVENT SHALL THE\nAUTHORS OR COPYRIGHT HOLDERS BE LIABLE FOR ANY CLAIM, DAMAGES OR OTHER\nLIABILITY, WHETHER IN AN ACTION OF CONTRACT, TORT OR OTHERWISE, ARISING FROM,\nOUT OF OR IN CONNECTION WITH THE SOFTWARE OR THE USE OR OTHER DEALINGS IN\nTHE SOFTWARE."
            }
          ],
          "detection_log": [
            "unknown-reference-to-local-file"
          ]
        }
      ],
      "license_clues": [],
      "percentage_of_license_text": 0.83,
      "for_license_detections": [
        "unknown_license_reference-f177df3d-5d60-ab6b-92ac-9a3fb4cb783f"
      ],
      "scan_errors": []
    },
    {
      "path": "generate-index.js",
      "type": "file",
      "detected_license_expression": "mit",
      "detected_license_expression_spdx": "MIT",
      "license_detections": [
        {
          "license_expression": "mit",
          "matches": [
            {
              "score": 100.0,
              "start_line": 2,
              "end_line": 2,
              "matched_length": 2,
              "match_coverage": 100.0,
              "matcher": "2-aho",
              "license_expression": "unknown-license-reference",
              "rule_identifier": "unknown-license-reference_see-license_1.RULE",
              "rule_relevance": 100,
              "rule_url": "https://github.com/nexB/scancode-toolkit/tree/develop/src/licensedcode/data/rules/unknown-license-reference_see-license_1.RULE",
              "matched_text": "See LICENSE.)"
            },
            {
              "score": 100.0,
              "start_line": 1,
              "end_line": 1,
              "matched_length": 4,
              "match_coverage": 100.0,
              "matcher": "2-aho",
              "license_expression": "mit",
              "rule_identifier": "mit_26.RULE",
              "rule_relevance": 100,
              "rule_url": "https://github.com/nexB/scancode-toolkit/tree/develop/src/licensedcode/data/rules/mit_26.RULE",
              "matched_text": "The MIT License (MIT)"
            },
            {
              "score": 100.0,
              "start_line": 5,
              "end_line": 21,
              "matched_length": 161,
              "match_coverage": 100.0,
              "matcher": "2-aho",
              "license_expression": "mit",
              "rule_identifier": "mit.LICENSE",
              "rule_relevance": 100,
              "rule_url": "https://github.com/nexB/scancode-toolkit/tree/develop/src/licensedcode/data/licenses/mit.LICENSE",
              "matched_text": "Permission is hereby granted, free of charge, to any person obtaining a copy\nof this software and associated documentation files (the \"Software\"), to deal\nin the Software without restriction, including without limitation the rights\nto use, copy, modify, merge, publish, distribute, sublicense, and/or sell\ncopies of the Software, and to permit persons to whom the Software is\nfurnished to do so, subject to the following conditions:\n\nThe above copyright notice and this permission notice shall be included in\nall copies or substantial portions of the Software.\n\nTHE SOFTWARE IS PROVIDED \"AS IS\", WITHOUT WARRANTY OF ANY KIND, EXPRESS OR\nIMPLIED, INCLUDING BUT NOT LIMITED TO THE WARRANTIES OF MERCHANTABILITY,\nFITNESS FOR A PARTICULAR PURPOSE AND NONINFRINGEMENT. IN NO EVENT SHALL THE\nAUTHORS OR COPYRIGHT HOLDERS BE LIABLE FOR ANY CLAIM, DAMAGES OR OTHER\nLIABILITY, WHETHER IN AN ACTION OF CONTRACT, TORT OR OTHERWISE, ARISING FROM,\nOUT OF OR IN CONNECTION WITH THE SOFTWARE OR THE USE OR OTHER DEALINGS IN\nTHE SOFTWARE."
            }
          ],
          "detection_log": [
            "unknown-reference-to-local-file"
          ]
        }
      ],
      "license_clues": [],
      "percentage_of_license_text": 5.71,
      "for_license_detections": [
        "unknown_license_reference-f177df3d-5d60-ab6b-92ac-9a3fb4cb783f"
      ],
      "scan_errors": []
    },
    {
      "path": "index.js",
      "type": "file",
      "detected_license_expression": "mit",
      "detected_license_expression_spdx": "MIT",
      "license_detections": [
        {
          "license_expression": "mit",
          "matches": [
            {
              "score": 100.0,
              "start_line": 2,
              "end_line": 2,
              "matched_length": 2,
              "match_coverage": 100.0,
              "matcher": "2-aho",
              "license_expression": "unknown-license-reference",
              "rule_identifier": "unknown-license-reference_see-license_1.RULE",
              "rule_relevance": 100,
              "rule_url": "https://github.com/nexB/scancode-toolkit/tree/develop/src/licensedcode/data/rules/unknown-license-reference_see-license_1.RULE",
              "matched_text": "See LICENSE.)"
            },
            {
              "score": 100.0,
              "start_line": 1,
              "end_line": 1,
              "matched_length": 4,
              "match_coverage": 100.0,
              "matcher": "2-aho",
              "license_expression": "mit",
              "rule_identifier": "mit_26.RULE",
              "rule_relevance": 100,
              "rule_url": "https://github.com/nexB/scancode-toolkit/tree/develop/src/licensedcode/data/rules/mit_26.RULE",
              "matched_text": "The MIT License (MIT)"
            },
            {
              "score": 100.0,
              "start_line": 5,
              "end_line": 21,
              "matched_length": 161,
              "match_coverage": 100.0,
              "matcher": "2-aho",
              "license_expression": "mit",
              "rule_identifier": "mit.LICENSE",
              "rule_relevance": 100,
              "rule_url": "https://github.com/nexB/scancode-toolkit/tree/develop/src/licensedcode/data/licenses/mit.LICENSE",
              "matched_text": "Permission is hereby granted, free of charge, to any person obtaining a copy\nof this software and associated documentation files (the \"Software\"), to deal\nin the Software without restriction, including without limitation the rights\nto use, copy, modify, merge, publish, distribute, sublicense, and/or sell\ncopies of the Software, and to permit persons to whom the Software is\nfurnished to do so, subject to the following conditions:\n\nThe above copyright notice and this permission notice shall be included in\nall copies or substantial portions of the Software.\n\nTHE SOFTWARE IS PROVIDED \"AS IS\", WITHOUT WARRANTY OF ANY KIND, EXPRESS OR\nIMPLIED, INCLUDING BUT NOT LIMITED TO THE WARRANTIES OF MERCHANTABILITY,\nFITNESS FOR A PARTICULAR PURPOSE AND NONINFRINGEMENT. IN NO EVENT SHALL THE\nAUTHORS OR COPYRIGHT HOLDERS BE LIABLE FOR ANY CLAIM, DAMAGES OR OTHER\nLIABILITY, WHETHER IN AN ACTION OF CONTRACT, TORT OR OTHERWISE, ARISING FROM,\nOUT OF OR IN CONNECTION WITH THE SOFTWARE OR THE USE OR OTHER DEALINGS IN\nTHE SOFTWARE."
            }
          ],
          "detection_log": [
            "unknown-reference-to-local-file"
          ]
        }
      ],
      "license_clues": [],
      "percentage_of_license_text": 1.14,
      "for_license_detections": [
        "unknown_license_reference-f177df3d-5d60-ab6b-92ac-9a3fb4cb783f"
      ],
      "scan_errors": []
    },
    {
      "path": "js-tokens-3.0.2.ABOUT",
      "type": "file",
      "detected_license_expression": "mit",
      "detected_license_expression_spdx": "MIT",
      "license_detections": [
        {
          "license_expression": "mit",
          "matches": [
            {
              "score": 100.0,
              "start_line": 4,
              "end_line": 5,
              "matched_length": 2,
              "match_coverage": 100.0,
              "matcher": "2-aho",
              "license_expression": "mit",
              "rule_identifier": "mit_1114.RULE",
              "rule_relevance": 100,
              "rule_url": "https://github.com/nexB/scancode-toolkit/tree/develop/src/licensedcode/data/rules/mit_1114.RULE",
              "matched_text": "mit\ncopyright:"
            }
          ],
          "detection_log": []
        }
      ],
      "license_clues": [],
      "percentage_of_license_text": 3.7,
      "for_license_detections": [
        "mit-d0a34f23-8c35-8874-a99f-6ed1e3b31f40"
      ],
      "scan_errors": []
    },
    {
      "path": "package.json",
      "type": "file",
      "detected_license_expression": "mit",
      "detected_license_expression_spdx": "MIT",
      "license_detections": [
        {
          "license_expression": "mit",
          "matches": [
            {
              "score": 100.0,
              "start_line": 5,
              "end_line": 5,
              "matched_length": 2,
              "match_coverage": 100.0,
              "matcher": "2-aho",
              "license_expression": "mit",
              "rule_identifier": "mit_30.RULE",
              "rule_relevance": 100,
              "rule_url": "https://github.com/nexB/scancode-toolkit/tree/develop/src/licensedcode/data/rules/mit_30.RULE",
              "matched_text": "license\": \"MIT\","
            }
          ],
          "detection_log": []
        }
      ],
      "license_clues": [],
      "percentage_of_license_text": 2.67,
      "for_license_detections": [
        "mit-3fce6ea2-8abd-6c6b-3ede-a37af7c6efee"
      ],
      "scan_errors": []
    },
    {
      "path": "regex.coffee",
      "type": "file",
      "detected_license_expression": "mit",
      "detected_license_expression_spdx": "MIT",
      "license_detections": [
        {
          "license_expression": "mit",
          "matches": [
            {
              "score": 100.0,
              "start_line": 2,
              "end_line": 2,
              "matched_length": 4,
              "match_coverage": 100.0,
              "matcher": "2-aho",
              "license_expression": "mit",
              "rule_identifier": "mit_1187.RULE",
              "rule_relevance": 100,
              "rule_url": "https://github.com/nexB/scancode-toolkit/tree/develop/src/licensedcode/data/rules/mit_1187.RULE",
              "matched_text": "License: MIT. (See LICENSE.)"
            },
            {
              "score": 100.0,
              "start_line": 1,
              "end_line": 1,
              "matched_length": 4,
              "match_coverage": 100.0,
              "matcher": "2-aho",
              "license_expression": "mit",
              "rule_identifier": "mit_26.RULE",
              "rule_relevance": 100,
              "rule_url": "https://github.com/nexB/scancode-toolkit/tree/develop/src/licensedcode/data/rules/mit_26.RULE",
              "matched_text": "The MIT License (MIT)"
            },
            {
              "score": 100.0,
              "start_line": 5,
              "end_line": 21,
              "matched_length": 161,
              "match_coverage": 100.0,
              "matcher": "2-aho",
              "license_expression": "mit",
              "rule_identifier": "mit.LICENSE",
              "rule_relevance": 100,
              "rule_url": "https://github.com/nexB/scancode-toolkit/tree/develop/src/licensedcode/data/licenses/mit.LICENSE",
              "matched_text": "Permission is hereby granted, free of charge, to any person obtaining a copy\nof this software and associated documentation files (the \"Software\"), to deal\nin the Software without restriction, including without limitation the rights\nto use, copy, modify, merge, publish, distribute, sublicense, and/or sell\ncopies of the Software, and to permit persons to whom the Software is\nfurnished to do so, subject to the following conditions:\n\nThe above copyright notice and this permission notice shall be included in\nall copies or substantial portions of the Software.\n\nTHE SOFTWARE IS PROVIDED \"AS IS\", WITHOUT WARRANTY OF ANY KIND, EXPRESS OR\nIMPLIED, INCLUDING BUT NOT LIMITED TO THE WARRANTIES OF MERCHANTABILITY,\nFITNESS FOR A PARTICULAR PURPOSE AND NONINFRINGEMENT. IN NO EVENT SHALL THE\nAUTHORS OR COPYRIGHT HOLDERS BE LIABLE FOR ANY CLAIM, DAMAGES OR OTHER\nLIABILITY, WHETHER IN AN ACTION OF CONTRACT, TORT OR OTHERWISE, ARISING FROM,\nOUT OF OR IN CONNECTION WITH THE SOFTWARE OR THE USE OR OTHER DEALINGS IN\nTHE SOFTWARE."
            }
          ],
          "detection_log": [
            "unknown-reference-to-local-file"
          ]
        }
      ],
      "license_clues": [],
      "percentage_of_license_text": 2.52,
      "for_license_detections": [
        "mit-eea7f51e-637f-984c-1e86-a78bca648bf8"
      ],
      "scan_errors": []
    },
    {
      "path": "test",
      "type": "directory",
      "detected_license_expression": null,
      "detected_license_expression_spdx": null,
      "license_detections": [],
      "license_clues": [],
      "percentage_of_license_text": 0,
      "for_license_detections": [],
      "scan_errors": []
    },
    {
      "path": "test/index.js",
      "type": "file",
      "detected_license_expression": "mit",
      "detected_license_expression_spdx": "MIT",
      "license_detections": [
        {
          "license_expression": "mit",
          "matches": [
            {
              "score": 100.0,
              "start_line": 2,
              "end_line": 2,
              "matched_length": 2,
              "match_coverage": 100.0,
              "matcher": "2-aho",
              "license_expression": "unknown-license-reference",
              "rule_identifier": "unknown-license-reference_see-license_1.RULE",
              "rule_relevance": 100,
              "rule_url": "https://github.com/nexB/scancode-toolkit/tree/develop/src/licensedcode/data/rules/unknown-license-reference_see-license_1.RULE",
              "matched_text": "See LICENSE.)"
            },
            {
              "score": 100.0,
              "start_line": 1,
              "end_line": 1,
              "matched_length": 4,
              "match_coverage": 100.0,
              "matcher": "2-aho",
              "license_expression": "mit",
              "rule_identifier": "mit_26.RULE",
              "rule_relevance": 100,
              "rule_url": "https://github.com/nexB/scancode-toolkit/tree/develop/src/licensedcode/data/rules/mit_26.RULE",
              "matched_text": "The MIT License (MIT)"
            },
            {
              "score": 100.0,
              "start_line": 5,
              "end_line": 21,
              "matched_length": 161,
              "match_coverage": 100.0,
              "matcher": "2-aho",
              "license_expression": "mit",
              "rule_identifier": "mit.LICENSE",
              "rule_relevance": 100,
              "rule_url": "https://github.com/nexB/scancode-toolkit/tree/develop/src/licensedcode/data/licenses/mit.LICENSE",
              "matched_text": "Permission is hereby granted, free of charge, to any person obtaining a copy\nof this software and associated documentation files (the \"Software\"), to deal\nin the Software without restriction, including without limitation the rights\nto use, copy, modify, merge, publish, distribute, sublicense, and/or sell\ncopies of the Software, and to permit persons to whom the Software is\nfurnished to do so, subject to the following conditions:\n\nThe above copyright notice and this permission notice shall be included in\nall copies or substantial portions of the Software.\n\nTHE SOFTWARE IS PROVIDED \"AS IS\", WITHOUT WARRANTY OF ANY KIND, EXPRESS OR\nIMPLIED, INCLUDING BUT NOT LIMITED TO THE WARRANTIES OF MERCHANTABILITY,\nFITNESS FOR A PARTICULAR PURPOSE AND NONINFRINGEMENT. IN NO EVENT SHALL THE\nAUTHORS OR COPYRIGHT HOLDERS BE LIABLE FOR ANY CLAIM, DAMAGES OR OTHER\nLIABILITY, WHETHER IN AN ACTION OF CONTRACT, TORT OR OTHERWISE, ARISING FROM,\nOUT OF OR IN CONNECTION WITH THE SOFTWARE OR THE USE OR OTHER DEALINGS IN\nTHE SOFTWARE."
            }
          ],
          "detection_log": [
            "unknown-reference-to-local-file"
          ]
        }
      ],
      "license_clues": [],
      "percentage_of_license_text": 4.65,
      "for_license_detections": [
        "unknown_license_reference-f177df3d-5d60-ab6b-92ac-9a3fb4cb783f"
      ],
      "scan_errors": []
    }
  ]
}