declared_license:
  - Binary redistribution (Realtek permissive)
  - Binary redistribution (Realtek restrictive)
declared_license_expression: other-permissive AND (intel AND unknown-license-reference AND free-unknown)
declared_license_expression_spdx: LicenseRef-scancode-other-permissive AND (LicenseRef-scancode-intel
  AND LicenseRef-scancode-unknown-license-reference AND LicenseRef-scancode-free-unknown)
other_license_expression:
other_license_expression_spdx:
license_detections:
  - license_expression: other-permissive
    matches:
      - score: '100.0'
        start_line: 9
        end_line: 11
        matched_length: 23
        match_coverage: '100.0'
        matcher: 1-hash
        license_expression: other-permissive
        rule_identifier: other-permissive_66.RULE
        rule_relevance: 100
        rule_url: https://github.com/nexB/scancode-toolkit/tree/develop/src/licensedcode/data/rules/other-permissive_66.RULE
        matched_text: |
          Permission is hereby granted for the distribution of this firmware
          data in hexadecimal or equivalent format, provided this copyright
          notice is accompanying it.
    identifier: other_permissive-16dc1659-320f-55c9-0ddb-4d46c5526cbb
  - license_expression: intel AND free-unknown
    matches:
      - score: '90.46'
        start_line: 18
        end_line: 53
        matched_length: 279
        match_coverage: '95.22'
        matcher: 3-seq
        license_expression: intel
        rule_identifier: intel_1.RULE
        rule_relevance: 95
        rule_url: https://github.com/nexB/scancode-toolkit/tree/develop/src/licensedcode/data/rules/intel_1.RULE
        matched_text: |
          Redistribution.  Redistribution and use in binary form, without
          modification, are permitted provided that the following conditions are
          met:

          * Redistributions must reproduce the above copyright notice and the
            following disclaimer in the documentation and/or other materials
            provided with the distribution.
          * Neither the name of Realtek Semiconductor Corporation nor the names of its
            suppliers may be used to endorse or promote products derived from this
            software without specific prior written permission.
          * No reverse engineering, decompilation, or disassembly of this software
            is permitted.

          Limited patent license. Realtek Semiconductor Corporation grants a world-wide,
          royalty-free, non-exclusive license under patents it now or hereafter
          owns or controls to make, have made, use, import, offer to sell and
          sell ("Utilize") this software, but solely to the extent that any
          such patent is necessary to Utilize the software alone, or in
          combination with an operating system licensed under an approved Open
          Source license as listed by the Open Source Initiative at
          http://opensource.org/licenses.  The patent license shall not apply to
          any other combinations which include this software.  No hardware per
          se is licensed hereunder.

          DISCLAIMER.  THIS SOFTWARE IS PROVIDED BY THE COPYRIGHT HOLDERS AND
          CONTRIBUTORS "AS IS" AND ANY EXPRESS OR IMPLIED WARRANTIES, INCLUDING,
          BUT NOT LIMITED TO, THE IMPLIED WARRANTIES OF MERCHANTABILITY AND
          FITNESS FOR A PARTICULAR PURPOSE ARE DISCLAIMED. IN NO EVENT SHALL THE
          COPYRIGHT OWNER OR CONTRIBUTORS BE LIABLE FOR ANY DIRECT, INDIRECT,
          INCIDENTAL, SPECIAL, EXEMPLARY, OR CONSEQUENTIAL DAMAGES (INCLUDING,
          BUT NOT LIMITED TO, PROCUREMENT OF SUBSTITUTE GOODS OR SERVICES; LOSS
          OF USE, DATA, OR PROFITS; OR BUSINESS INTERRUPTION) HOWEVER CAUSED AND
          ON ANY THEORY OF LIABILITY, WHETHER IN CONTRACT, STRICT LIABILITY, OR
          TORT (INCLUDING NEGLIGENCE OR OTHERWISE) ARISING IN ANY WAY OUT OF THE
          USE OF THIS SOFTWARE, EVEN IF ADVISED OF THE POSSIBILITY OF SUCH
          DAMAGE.
      - score: '50.0'
        start_line: 36
        end_line: 36
        matched_length: 2
        match_coverage: '100.0'
        matcher: 2-aho
        license_expression: unknown-license-reference
        rule_identifier: license-intro_2.RULE
        rule_relevance: 50
        rule_url: https://github.com/nexB/scancode-toolkit/tree/develop/src/licensedcode/data/rules/license-intro_2.RULE
        matched_text: licensed under
      - score: '50.0'
        start_line: 36
        end_line: 37
        matched_length: 3
        match_coverage: '100.0'
        matcher: 2-aho
        license_expression: free-unknown
        rule_identifier: free-unknown_88.RULE
        rule_relevance: 50
        rule_url: https://github.com/nexB/scancode-toolkit/tree/develop/src/licensedcode/data/rules/free-unknown_88.RULE
        matched_text: |
          Open
          Source license
      - score: '100.0'
        start_line: 38
        end_line: 38
        matched_length: 4
        match_coverage: '100.0'
        matcher: 2-aho
        license_expression: free-unknown
        rule_identifier: free-unknown_96.RULE
        rule_relevance: 100
        rule_url: https://github.com/nexB/scancode-toolkit/tree/develop/src/licensedcode/data/rules/free-unknown_96.RULE
        matched_text: http://opensource.org/licenses.
    identifier: intel_and_free_unknown-81b57031-0527-9f19-723e-17223d6dbfd2
other_license_detections: []
copyright: |
  2010-2013, Realtek Semiconductor Corporation
  2009-2010, Realtek Semiconductor Corporation
