{
  "license_detections": [
    {
      "identifier": "apache_1_0-01e67edb-9930-c1d2-2a95-f923a0ecacfb",
      "license_expression": "apache-1.0",
      "license_expression_spdx": "Apache-1.0",
      "detection_count": 1,
      "sample_matches": [
        {
          "score": 100.0,
          "from_file": "scan/apache-1.0.txt",
          "start_line": 4,
          "end_line": 54,
          "matched_length": 368,
          "match_coverage": 100.0,
          "matcher": "2-aho",
          "license_expression": "apache-1.0",
          "license_expression_spdx": "Apache-1.0",
          "rule_identifier": "apache-1.0.LICENSE",
          "rule_relevance": 100,
          "rule_url": "https://github.com/nexB/scancode-toolkit/tree/develop/src/licensedcode/data/licenses/apache-1.0.LICENSE",
          "matched_text": null
        }
      ]
    },
    {
      "identifier": "gpl_2_0_with_linux_syscall_exception_gpl_or_linux_openib-c196bf1c-1c1f-18b4-554f-690be18bbad0",
      "license_expression": "gpl-2.0 WITH linux-syscall-exception-gpl OR linux-openib",
      "license_expression_spdx": "GPL-2.0-only WITH Linux-syscall-note OR Linux-OpenIB",
      "detection_count": 1,
      "sample_matches": [
        {
          "score": 100.0,
          "from_file": "scan/gpl-2.0_with_linux-syscall-note_or_linux-openib_SPDX.RULE",
          "start_line": 1,
          "end_line": 1,
          "matched_length": 13,
          "match_coverage": 100.0,
          "matcher": "1-spdx-id",
          "license_expression": "gpl-2.0 WITH linux-syscall-exception-gpl OR linux-openib",
          "license_expression_spdx": "GPL-2.0-only WITH Linux-syscall-note OR Linux-OpenIB",
          "rule_identifier": "spdx-license-identifier-gpl-2.0 WITH linux-syscall-exception-gpl OR linux-openib-258b785d25f606282f8c2f4ed6e51a66b60b7f16",
          "rule_relevance": 100,
          "rule_url": null,
          "matched_text": null
        }
      ]
    }
  ],
  "files": [
    {
      "path": "apache-1.0.txt",
      "type": "file",
      "detected_license_expression": "apache-1.0",
      "detected_license_expression_spdx": "Apache-1.0",
      "license_detections": [
        {
          "license_expression": "apache-1.0",
          "license_expression_spdx": "Apache-1.0",
          "matches": [
            {
              "score": 100.0,
              "start_line": 4,
              "end_line": 54,
              "from_file": "scan/apache-1.0.txt",
              "matched_length": 368,
              "match_coverage": 100.0,
              "matcher": "2-aho",
              "license_expression": "apache-1.0",
              "spdx_license_expression": "Apache-1.0",
              "rule_identifier": "apache-1.0.LICENSE",
              "rule_relevance": 100,
              "rule_url": "https://github.com/nexB/scancode-toolkit/tree/develop/src/licensedcode/data/licenses/apache-1.0.LICENSE"
            }
          ],
          "identifier": "apache_1_0-01e67edb-9930-c1d2-2a95-f923a0ecacfb"
        }
      ],
      "license_clues": [],
      "percentage_of_license_text": 97.61,
      "scan_errors": []
    },
    {
      "path": "gpl-2.0_with_linux-syscall-note_or_linux-openib_SPDX.RULE",
      "type": "file",
      "detected_license_expression": "gpl-2.0 WITH linux-syscall-exception-gpl OR linux-openib",
      "detected_license_expression_spdx": "GPL-2.0-only WITH Linux-syscall-note OR Linux-OpenIB",
      "license_detections": [
        {
          "license_expression": "gpl-2.0 WITH linux-syscall-exception-gpl OR linux-openib",
          "license_expression_spdx": "GPL-2.0-only WITH Linux-syscall-note OR Linux-OpenIB",
          "matches": [
            {
              "score": 100.0,
              "start_line": 1,
              "end_line": 1,
              "from_file": "scan/gpl-2.0_with_linux-syscall-note_or_linux-openib_SPDX.RULE",
              "matched_length": 13,
              "match_coverage": 100.0,
              "matcher": "1-spdx-id",
              "license_expression": "gpl-2.0 WITH linux-syscall-exception-gpl OR linux-openib",
              "spdx_license_expression": "GPL-2.0-only WITH Linux-syscall-note OR Linux-OpenIB",
              "rule_identifier": "spdx-license-identifier-gpl-2.0 WITH linux-syscall-exception-gpl OR linux-openib-4099cddf665e1c4068ae21bd191fabfb71b7c536",
              "rule_relevance": 100,
              "rule_url": null
            }
          ],
          "identifier": "gpl_2_0_with_linux_syscall_exception_gpl_or_linux_openib-c196bf1c-1c1f-18b4-554f-690be18bbad0"
        }
      ],
      "license_clues": [],
      "percentage_of_license_text": 100.0,
      "scan_errors": []
    }
  ]
}