{
  "license_references": [],
  "rule_references": [],
  "files": [
    {
      "path": "patchelf.pdf",
      "type": "file",
      "copyrights": [],
      "holders": [],
      "authors": [],
      "scan_errors": []
    }
  ]
}