{
  "license_detections": [
    {
      "identifier": "epl_2_0-c1e39224-7271-293c-64f7-090bd2f15988",
      "license_expression": "epl-2.0",
      "license_expression_spdx": "EPL-2.0",
      "detection_count": 1,
      "detection_log": [],
      "sample_matches": [
        {
          "license_expression": "epl-2.0",
          "license_expression_spdx": "EPL-2.0",
          "from_file": "scan-unknown-intro-eclipse-foundation/README.md",
          "start_line": 4,
          "end_line": 6,
          "matcher": "2-aho",
          "score": 100.0,
          "matched_length": 31,
          "match_coverage": 100.0,
          "rule_relevance": 100,
          "rule_identifier": "epl-2.0_56.RULE",
          "rule_url": "https://github.com/nexB/scancode-toolkit/tree/develop/src/licensedcode/data/rules/epl-2.0_56.RULE",
          "matched_text": " * This program and the accompanying materials are made\n * available under the terms of the Eclipse Public License 2.0\n * which is available at https://www.eclipse.org/legal/epl-2.0/",
          "matched_text_diagnostics": "This program and the accompanying materials are made\n * available under the terms of the Eclipse Public License 2.0\n * which is available at https://www.eclipse.org/legal/epl-2.0/"
        },
        {
          "license_expression": "epl-2.0",
          "license_expression_spdx": "EPL-2.0",
          "from_file": "scan-unknown-intro-eclipse-foundation/README.md",
          "start_line": 8,
          "end_line": 8,
          "matcher": "1-spdx-id",
          "score": 100.0,
          "matched_length": 6,
          "match_coverage": 100.0,
          "rule_relevance": 100,
          "rule_identifier": "spdx-license-identifier-epl-2.0-0718e69b8b1cac97c407a917de96eec58fa0dada",
          "rule_url": null,
          "matched_text": " * SPDX-License-Identifier: EPL-2.0",
          "matched_text_diagnostics": "SPDX-License-Identifier: EPL-2.0"
        }
      ]
    }
  ],
  "files": [
    {
      "path": "README.md",
      "type": "file",
      "detected_license_expression": "epl-2.0",
      "detected_license_expression_spdx": "EPL-2.0",
      "license_detections": [
        {
          "license_expression": "epl-2.0",
          "license_expression_spdx": "EPL-2.0",
          "matches": [
            {
              "license_expression": "epl-2.0",
              "spdx_license_expression": "EPL-2.0",
              "from_file": "scan-unknown-intro-eclipse-foundation/README.md",
              "start_line": 4,
              "end_line": 6,
              "matcher": "2-aho",
              "score": 100.0,
              "matched_length": 31,
              "match_coverage": 100.0,
              "rule_relevance": 100,
              "rule_identifier": "epl-2.0_56.RULE",
              "rule_url": "https://github.com/nexB/scancode-toolkit/tree/develop/src/licensedcode/data/rules/epl-2.0_56.RULE",
              "matched_text": " * This program and the accompanying materials are made\n * available under the terms of the Eclipse Public License 2.0\n * which is available at https://www.eclipse.org/legal/epl-2.0/",
              "matched_text_diagnostics": "This program and the accompanying materials are made\n * available under the terms of the Eclipse Public License 2.0\n * which is available at https://www.eclipse.org/legal/epl-2.0/"
            },
            {
              "license_expression": "epl-2.0",
              "spdx_license_expression": "EPL-2.0",
              "from_file": "scan-unknown-intro-eclipse-foundation/README.md",
              "start_line": 8,
              "end_line": 8,
              "matcher": "1-spdx-id",
              "score": 100.0,
              "matched_length": 6,
              "match_coverage": 100.0,
              "rule_relevance": 100,
              "rule_identifier": "spdx-license-identifier-epl-2.0-c05120fcba71854ec1ea0d2897a5dcb1290a6dea",
              "rule_url": null,
              "matched_text": " * SPDX-License-Identifier: EPL-2.0",
              "matched_text_diagnostics": "SPDX-License-Identifier: EPL-2.0"
            }
          ],
          "detection_log": [],
          "identifier": "epl_2_0-c1e39224-7271-293c-64f7-090bd2f15988"
        }
      ],
      "license_clues": [],
      "percentage_of_license_text": 86.05,
      "scan_errors": []
    }
  ]
}