[
  {
    "type": "nuget",
    "namespace": null,
    "name": "Castle.Core",
    "version": "4.2.1",
    "qualifiers": {},
    "subpath": null,
    "primary_language": null,
    "description": "Castle Core, including DynamicProxy, Logging Abstractions and DictionaryAdapter",
    "release_date": null,
    "parties": [
      {
        "type": null,
        "role": "author",
        "name": "Castle Project Contributors",
        "email": null,
        "url": null
      },
      {
        "type": null,
        "role": "owner",
        "name": "Castle Project Contributors",
        "email": null,
        "url": null
      }
    ],
    "keywords": [],
    "homepage_url": "http://www.castleproject.org/",
    "download_url": null,
    "size": null,
    "sha1": null,
    "md5": null,
    "sha256": null,
    "sha512": null,
    "bug_tracking_url": null,
    "code_view_url": null,
    "vcs_url": "git+https://github.com/castleproject/Core",
    "copyright": "Copyright (c) 2004-2017 Castle Project - http://www.castleproject.org/",
    "declared_license_expression": "apache-2.0",
    "declared_license_expression_spdx": "Apache-2.0",
    "license_detections": [
      {
        "license_expression": "apache-2.0",
        "detection_log": [
          "not-combined"
        ],
        "matches": [
          {
            "score": 100.0,
            "start_line": 1,
            "end_line": 1,
            "matched_length": 9,
            "match_coverage": 100.0,
            "matcher": "1-hash",
            "license_expression": "apache-2.0",
            "rule_identifier": "apache-2.0_20.RULE",
            "rule_url": "https://github.com/nexB/scancode-toolkit/tree/develop/src/licensedcode/data/rules/apache-2.0_20.RULE",
            "referenced_filenames": [],
            "is_license_text": false,
            "is_license_notice": false,
            "is_license_reference": true,
            "is_license_tag": false,
            "is_license_intro": false,
            "rule_length": 9,
            "rule_relevance": 100,
            "matched_text": "http://www.apache.org/licenses/LICENSE-2.0.html",
            "licenses": [
              {
                "key": "apache-2.0",
                "name": "Apache License 2.0",
                "short_name": "Apache 2.0",
                "category": "Permissive",
                "is_exception": false,
                "is_unknown": false,
                "owner": "Apache Software Foundation",
                "homepage_url": "http://www.apache.org/licenses/",
                "text_url": "http://www.apache.org/licenses/LICENSE-2.0",
                "reference_url": "https://scancode-licensedb.aboutcode.org/apache-2.0",
                "scancode_url": "https://github.com/nexB/scancode-toolkit/tree/develop/src/licensedcode/data/licenses/apache-2.0.LICENSE",
                "spdx_license_key": "Apache-2.0",
                "spdx_url": "https://spdx.org/licenses/Apache-2.0"
              }
            ]
          }
        ]
      }
    ],
    "other_license_expression": null,
    "other_license_expression_spdx": null,
    "other_license_detections": [],
    "extracted_license_statement": "http://www.apache.org/licenses/LICENSE-2.0.html",
    "notice_text": null,
    "source_packages": [],
    "file_references": [],
    "extra_data": {},
    "dependencies": [
      {
        "purl": "pkg:nuget/NETStandard.Library",
        "extracted_requirement": "1.6.1",
        "scope": "dependency",
        "is_runtime": true,
        "is_optional": false,
        "is_resolved": false,
        "resolved_package": {},
        "extra_data": {
          "framework": ".NETStandard1.3",
          "exclude": "Build,Analyzers"
        }
      },
      {
        "purl": "pkg:nuget/System.Diagnostics.TraceSource",
        "extracted_requirement": "4.3.0",
        "scope": "dependency",
        "is_runtime": true,
        "is_optional": false,
        "is_resolved": false,
        "resolved_package": {},
        "extra_data": {
          "framework": ".NETStandard1.3",
          "exclude": "Build,Analyzers"
        }
      },
      {
        "purl": "pkg:nuget/System.Reflection.TypeExtensions",
        "extracted_requirement": "4.3.0",
        "scope": "dependency",
        "is_runtime": true,
        "is_optional": false,
        "is_resolved": false,
        "resolved_package": {},
        "extra_data": {
          "framework": ".NETStandard1.3",
          "exclude": "Build,Analyzers"
        }
      },
      {
        "purl": "pkg:nuget/System.Xml.XmlDocument",
        "extracted_requirement": "4.3.0",
        "scope": "dependency",
        "is_runtime": true,
        "is_optional": false,
        "is_resolved": false,
        "resolved_package": {},
        "extra_data": {
          "framework": ".NETStandard1.3",
          "exclude": "Build,Analyzers"
        }
      },
      {
        "purl": "pkg:nuget/System.Dynamic.Runtime",
        "extracted_requirement": "4.3.0",
        "scope": "dependency",
        "is_runtime": true,
        "is_optional": false,
        "is_resolved": false,
        "resolved_package": {},
        "extra_data": {
          "framework": ".NETStandard1.3",
          "exclude": "Build,Analyzers"
        }
      },
      {
        "purl": "pkg:nuget/System.Reflection",
        "extracted_requirement": "4.3.0",
        "scope": "dependency",
        "is_runtime": true,
        "is_optional": false,
        "is_resolved": false,
        "resolved_package": {},
        "extra_data": {
          "framework": ".NETStandard1.3",
          "exclude": "Build,Analyzers"
        }
      },
      {
        "purl": "pkg:nuget/System.Reflection.Emit",
        "extracted_requirement": "4.3.0",
        "scope": "dependency",
        "is_runtime": true,
        "is_optional": false,
        "is_resolved": false,
        "resolved_package": {},
        "extra_data": {
          "framework": ".NETStandard1.3",
          "exclude": "Build,Analyzers"
        }
      },
      {
        "purl": "pkg:nuget/System.Collections.Specialized",
        "extracted_requirement": "4.3.0",
        "scope": "dependency",
        "is_runtime": true,
        "is_optional": false,
        "is_resolved": false,
        "resolved_package": {},
        "extra_data": {
          "framework": ".NETStandard1.3",
          "exclude": "Build,Analyzers"
        }
      },
      {
        "purl": "pkg:nuget/System.ComponentModel",
        "extracted_requirement": "4.3.0",
        "scope": "dependency",
        "is_runtime": true,
        "is_optional": false,
        "is_resolved": false,
        "resolved_package": {},
        "extra_data": {
          "framework": ".NETStandard1.3",
          "exclude": "Build,Analyzers"
        }
      },
      {
        "purl": "pkg:nuget/System.ComponentModel.TypeConverter",
        "extracted_requirement": "4.3.0",
        "scope": "dependency",
        "is_runtime": true,
        "is_optional": false,
        "is_resolved": false,
        "resolved_package": {},
        "extra_data": {
          "framework": ".NETStandard1.3",
          "exclude": "Build,Analyzers"
        }
      }
    ],
    "repository_homepage_url": "https://www.nuget.org/packages/Castle.Core/4.2.1",
    "repository_download_url": "https://www.nuget.org/api/v2/package/Castle.Core/4.2.1",
    "api_data_url": "https://api.nuget.org/v3/registration3/castle.core/4.2.1.json",
    "datasource_id": "nuget_nupsec",
    "purl": "pkg:nuget/Castle.Core@4.2.1"
  }
]