{
  "license_detections": [
    {
      "identifier": "apache_1_0-d4337a34-511e-9f2b-5043-e1bab484ff7d",
      "license_expression": "apache-1.0",
      "detection_count": 1,
      "matches": [
        {
          "score": 100.0,
          "start_line": 4,
          "end_line": 54,
          "matched_length": 368,
          "match_coverage": 100.0,
          "matcher": "2-aho",
          "license_expression": "apache-1.0",
          "rule_identifier": "apache-1.0.LICENSE",
          "rule_relevance": 100,
          "rule_url": "https://github.com/nexB/scancode-toolkit/tree/develop/src/licensedcode/data/licenses/apache-1.0.LICENSE"
        }
      ]
    }
  ],
  "files": [
    {
      "path": "scan",
      "type": "directory",
      "detected_license_expression": null,
      "detected_license_expression_spdx": null,
      "license_detections": [],
      "license_clues": [],
      "percentage_of_license_text": 0,
      "for_license_detections": [],
      "scan_errors": []
    },
    {
      "path": "scan/apache-1.0.txt",
      "type": "file",
      "detected_license_expression": "apache-1.0",
      "detected_license_expression_spdx": "Apache-1.0",
      "license_detections": [
        {
          "license_expression": "apache-1.0",
          "matches": [
            {
              "score": 100.0,
              "start_line": 4,
              "end_line": 54,
              "matched_length": 368,
              "match_coverage": 100.0,
              "matcher": "2-aho",
              "license_expression": "apache-1.0",
              "rule_identifier": "apache-1.0.LICENSE",
              "rule_relevance": 100,
              "rule_url": "https://github.com/nexB/scancode-toolkit/tree/develop/src/licensedcode/data/licenses/apache-1.0.LICENSE"
            }
          ]
        }
      ],
      "license_clues": [],
      "percentage_of_license_text": 97.61,
      "for_license_detections": [
        "apache_1_0-d4337a34-511e-9f2b-5043-e1bab484ff7d"
      ],
      "scan_errors": []
    }
  ]
}